Archive member included to satisfy reference by file (symbol)

c:/program files (x86)/atmel/studio/7.0/toolchain/avr8/avr8-gnu-toolchain/bin/../lib/gcc/avr/5.4.0/avr5\libgcc.a(_exit.o)
                              C:/Program Files (x86)/Atmel/Studio/7.0/Packs/atmel/ATmega_DFP/1.2.150/gcc/dev/atmega32/avr5/crtatmega32.o (exit)
c:/program files (x86)/atmel/studio/7.0/toolchain/avr8/avr8-gnu-toolchain/bin/../lib/gcc/avr/5.4.0/avr5\libgcc.a(_copy_data.o)
                              game/xpong.o (__do_copy_data)
c:/program files (x86)/atmel/studio/7.0/toolchain/avr8/avr8-gnu-toolchain/bin/../lib/gcc/avr/5.4.0/avr5\libgcc.a(_clear_bss.o)
                              encoder/encoder.o (__do_clear_bss)

Allocating common symbols
Common symbol       size              file

glcd_x              0x1               glcd/glcd.o
enc_2_value         0x1               encoder/encoder.o
screen_data         0x400             glcd/glcd.o
right_number_to_show
                    0x1               ssd/ssdisplay.o
enc_1_value         0x1               encoder/encoder.o
left_number_to_show
                    0x1               ssd/ssdisplay.o
left_player_paddle  0x3               game/xpong.o
right_player_paddle
                    0x3               game/xpong.o
ball                0x4               game/xpong.o
glcd_y              0x1               glcd/glcd.o
enabled_controller  0x1               glcd/glcd.o

Discarded input sections

 .data          0x00000000        0x0 C:/Program Files (x86)/Atmel/Studio/7.0/Packs/atmel/ATmega_DFP/1.2.150/gcc/dev/atmega32/avr5/crtatmega32.o
 .bss           0x00000000        0x0 C:/Program Files (x86)/Atmel/Studio/7.0/Packs/atmel/ATmega_DFP/1.2.150/gcc/dev/atmega32/avr5/crtatmega32.o
 .text          0x00000000        0x0 encoder/encoder.o
 .data          0x00000000        0x0 encoder/encoder.o
 .bss           0x00000000        0x0 encoder/encoder.o
 .text          0x00000000        0x0 game/xpong.o
 .data          0x00000000        0x0 game/xpong.o
 .bss           0x00000000        0x0 game/xpong.o
 .text.game_draw_static_graphic
                0x00000000        0x6 game/xpong.o
 .text          0x00000000        0x0 glcd/glcd.o
 .data          0x00000000        0x0 glcd/glcd.o
 .bss           0x00000000        0x0 glcd/glcd.o
 .text.glcd_clear_screen_data
                0x00000000       0x22 glcd/glcd.o
 .text.glcd_clear_all
                0x00000000       0x14 glcd/glcd.o
 .text.glcd_draw_single_screen
                0x00000000       0x56 glcd/glcd.o
 .text          0x00000000        0x0 main.o
 .data          0x00000000        0x0 main.o
 .bss           0x00000000        0x0 main.o
 .rodata.K44_filled
                0x00000000      0x200 main.o
 .text          0x00000000        0x0 ssd/ssdisplay.o
 .data          0x00000000        0x0 ssd/ssdisplay.o
 .bss           0x00000000        0x0 ssd/ssdisplay.o
 .text          0x00000000        0x0 c:/program files (x86)/atmel/studio/7.0/toolchain/avr8/avr8-gnu-toolchain/bin/../lib/gcc/avr/5.4.0/avr5\libgcc.a(_exit.o)
 .data          0x00000000        0x0 c:/program files (x86)/atmel/studio/7.0/toolchain/avr8/avr8-gnu-toolchain/bin/../lib/gcc/avr/5.4.0/avr5\libgcc.a(_exit.o)
 .bss           0x00000000        0x0 c:/program files (x86)/atmel/studio/7.0/toolchain/avr8/avr8-gnu-toolchain/bin/../lib/gcc/avr/5.4.0/avr5\libgcc.a(_exit.o)
 .text.libgcc.mul
                0x00000000        0x0 c:/program files (x86)/atmel/studio/7.0/toolchain/avr8/avr8-gnu-toolchain/bin/../lib/gcc/avr/5.4.0/avr5\libgcc.a(_exit.o)
 .text.libgcc.div
                0x00000000        0x0 c:/program files (x86)/atmel/studio/7.0/toolchain/avr8/avr8-gnu-toolchain/bin/../lib/gcc/avr/5.4.0/avr5\libgcc.a(_exit.o)
 .text.libgcc   0x00000000        0x0 c:/program files (x86)/atmel/studio/7.0/toolchain/avr8/avr8-gnu-toolchain/bin/../lib/gcc/avr/5.4.0/avr5\libgcc.a(_exit.o)
 .text.libgcc.prologue
                0x00000000        0x0 c:/program files (x86)/atmel/studio/7.0/toolchain/avr8/avr8-gnu-toolchain/bin/../lib/gcc/avr/5.4.0/avr5\libgcc.a(_exit.o)
 .text.libgcc.builtins
                0x00000000        0x0 c:/program files (x86)/atmel/studio/7.0/toolchain/avr8/avr8-gnu-toolchain/bin/../lib/gcc/avr/5.4.0/avr5\libgcc.a(_exit.o)
 .text.libgcc.fmul
                0x00000000        0x0 c:/program files (x86)/atmel/studio/7.0/toolchain/avr8/avr8-gnu-toolchain/bin/../lib/gcc/avr/5.4.0/avr5\libgcc.a(_exit.o)
 .text.libgcc.fixed
                0x00000000        0x0 c:/program files (x86)/atmel/studio/7.0/toolchain/avr8/avr8-gnu-toolchain/bin/../lib/gcc/avr/5.4.0/avr5\libgcc.a(_exit.o)
 .text          0x00000000        0x0 c:/program files (x86)/atmel/studio/7.0/toolchain/avr8/avr8-gnu-toolchain/bin/../lib/gcc/avr/5.4.0/avr5\libgcc.a(_copy_data.o)
 .data          0x00000000        0x0 c:/program files (x86)/atmel/studio/7.0/toolchain/avr8/avr8-gnu-toolchain/bin/../lib/gcc/avr/5.4.0/avr5\libgcc.a(_copy_data.o)
 .bss           0x00000000        0x0 c:/program files (x86)/atmel/studio/7.0/toolchain/avr8/avr8-gnu-toolchain/bin/../lib/gcc/avr/5.4.0/avr5\libgcc.a(_copy_data.o)
 .text.libgcc.mul
                0x00000000        0x0 c:/program files (x86)/atmel/studio/7.0/toolchain/avr8/avr8-gnu-toolchain/bin/../lib/gcc/avr/5.4.0/avr5\libgcc.a(_copy_data.o)
 .text.libgcc.div
                0x00000000        0x0 c:/program files (x86)/atmel/studio/7.0/toolchain/avr8/avr8-gnu-toolchain/bin/../lib/gcc/avr/5.4.0/avr5\libgcc.a(_copy_data.o)
 .text.libgcc   0x00000000        0x0 c:/program files (x86)/atmel/studio/7.0/toolchain/avr8/avr8-gnu-toolchain/bin/../lib/gcc/avr/5.4.0/avr5\libgcc.a(_copy_data.o)
 .text.libgcc.prologue
                0x00000000        0x0 c:/program files (x86)/atmel/studio/7.0/toolchain/avr8/avr8-gnu-toolchain/bin/../lib/gcc/avr/5.4.0/avr5\libgcc.a(_copy_data.o)
 .text.libgcc.builtins
                0x00000000        0x0 c:/program files (x86)/atmel/studio/7.0/toolchain/avr8/avr8-gnu-toolchain/bin/../lib/gcc/avr/5.4.0/avr5\libgcc.a(_copy_data.o)
 .text.libgcc.fmul
                0x00000000        0x0 c:/program files (x86)/atmel/studio/7.0/toolchain/avr8/avr8-gnu-toolchain/bin/../lib/gcc/avr/5.4.0/avr5\libgcc.a(_copy_data.o)
 .text.libgcc.fixed
                0x00000000        0x0 c:/program files (x86)/atmel/studio/7.0/toolchain/avr8/avr8-gnu-toolchain/bin/../lib/gcc/avr/5.4.0/avr5\libgcc.a(_copy_data.o)
 .text          0x00000000        0x0 c:/program files (x86)/atmel/studio/7.0/toolchain/avr8/avr8-gnu-toolchain/bin/../lib/gcc/avr/5.4.0/avr5\libgcc.a(_clear_bss.o)
 .data          0x00000000        0x0 c:/program files (x86)/atmel/studio/7.0/toolchain/avr8/avr8-gnu-toolchain/bin/../lib/gcc/avr/5.4.0/avr5\libgcc.a(_clear_bss.o)
 .bss           0x00000000        0x0 c:/program files (x86)/atmel/studio/7.0/toolchain/avr8/avr8-gnu-toolchain/bin/../lib/gcc/avr/5.4.0/avr5\libgcc.a(_clear_bss.o)
 .text.libgcc.mul
                0x00000000        0x0 c:/program files (x86)/atmel/studio/7.0/toolchain/avr8/avr8-gnu-toolchain/bin/../lib/gcc/avr/5.4.0/avr5\libgcc.a(_clear_bss.o)
 .text.libgcc.div
                0x00000000        0x0 c:/program files (x86)/atmel/studio/7.0/toolchain/avr8/avr8-gnu-toolchain/bin/../lib/gcc/avr/5.4.0/avr5\libgcc.a(_clear_bss.o)
 .text.libgcc   0x00000000        0x0 c:/program files (x86)/atmel/studio/7.0/toolchain/avr8/avr8-gnu-toolchain/bin/../lib/gcc/avr/5.4.0/avr5\libgcc.a(_clear_bss.o)
 .text.libgcc.prologue
                0x00000000        0x0 c:/program files (x86)/atmel/studio/7.0/toolchain/avr8/avr8-gnu-toolchain/bin/../lib/gcc/avr/5.4.0/avr5\libgcc.a(_clear_bss.o)
 .text.libgcc.builtins
                0x00000000        0x0 c:/program files (x86)/atmel/studio/7.0/toolchain/avr8/avr8-gnu-toolchain/bin/../lib/gcc/avr/5.4.0/avr5\libgcc.a(_clear_bss.o)
 .text.libgcc.fmul
                0x00000000        0x0 c:/program files (x86)/atmel/studio/7.0/toolchain/avr8/avr8-gnu-toolchain/bin/../lib/gcc/avr/5.4.0/avr5\libgcc.a(_clear_bss.o)
 .text.libgcc.fixed
                0x00000000        0x0 c:/program files (x86)/atmel/studio/7.0/toolchain/avr8/avr8-gnu-toolchain/bin/../lib/gcc/avr/5.4.0/avr5\libgcc.a(_clear_bss.o)

Memory Configuration

Name             Origin             Length             Attributes
text             0x00000000         0x00020000         xr
data             0x00800060         0x0000ffa0         rw !x
eeprom           0x00810000         0x00010000         rw !x
fuse             0x00820000         0x00000002         rw !x
lock             0x00830000         0x00000400         rw !x
signature        0x00840000         0x00000400         rw !x
user_signatures  0x00850000         0x00000400         rw !x
*default*        0x00000000         0xffffffff

Linker script and memory map

LOAD C:/Program Files (x86)/Atmel/Studio/7.0/Packs/atmel/ATmega_DFP/1.2.150/gcc/dev/atmega32/avr5/crtatmega32.o
LOAD encoder/encoder.o
LOAD game/xpong.o
LOAD glcd/glcd.o
LOAD main.o
LOAD ssd/ssdisplay.o
START GROUP
LOAD c:/program files (x86)/atmel/studio/7.0/toolchain/avr8/avr8-gnu-toolchain/bin/../lib/gcc/avr/5.4.0/../../../../avr/lib/avr5\libm.a
END GROUP
START GROUP
LOAD c:/program files (x86)/atmel/studio/7.0/toolchain/avr8/avr8-gnu-toolchain/bin/../lib/gcc/avr/5.4.0/avr5\libgcc.a
LOAD c:/program files (x86)/atmel/studio/7.0/toolchain/avr8/avr8-gnu-toolchain/bin/../lib/gcc/avr/5.4.0/../../../../avr/lib/avr5\libm.a
LOAD c:/program files (x86)/atmel/studio/7.0/toolchain/avr8/avr8-gnu-toolchain/bin/../lib/gcc/avr/5.4.0/../../../../avr/lib/avr5\libc.a
LOAD C:/Program Files (x86)/Atmel/Studio/7.0/Packs/atmel/ATmega_DFP/1.2.150/gcc/dev/atmega32/avr5\libatmega32.a
END GROUP
                0x00020000                __TEXT_REGION_LENGTH__ = DEFINED (__TEXT_REGION_LENGTH__)?__TEXT_REGION_LENGTH__:0x20000
                0x0000ffa0                __DATA_REGION_LENGTH__ = DEFINED (__DATA_REGION_LENGTH__)?__DATA_REGION_LENGTH__:0xffa0
                0x00010000                __EEPROM_REGION_LENGTH__ = DEFINED (__EEPROM_REGION_LENGTH__)?__EEPROM_REGION_LENGTH__:0x10000
                [0x00000002]                __FUSE_REGION_LENGTH__ = DEFINED (__FUSE_REGION_LENGTH__)?__FUSE_REGION_LENGTH__:0x400
                0x00000400                __LOCK_REGION_LENGTH__ = DEFINED (__LOCK_REGION_LENGTH__)?__LOCK_REGION_LENGTH__:0x400
                0x00000400                __SIGNATURE_REGION_LENGTH__ = DEFINED (__SIGNATURE_REGION_LENGTH__)?__SIGNATURE_REGION_LENGTH__:0x400
                0x00000400                __USER_SIGNATURE_REGION_LENGTH__ = DEFINED (__USER_SIGNATURE_REGION_LENGTH__)?__USER_SIGNATURE_REGION_LENGTH__:0x400

.hash
 *(.hash)

.dynsym
 *(.dynsym)

.dynstr
 *(.dynstr)

.gnu.version
 *(.gnu.version)

.gnu.version_d
 *(.gnu.version_d)

.gnu.version_r
 *(.gnu.version_r)

.rel.init
 *(.rel.init)

.rela.init
 *(.rela.init)

.rel.text
 *(.rel.text)
 *(.rel.text.*)
 *(.rel.gnu.linkonce.t*)

.rela.text
 *(.rela.text)
 *(.rela.text.*)
 *(.rela.gnu.linkonce.t*)

.rel.fini
 *(.rel.fini)

.rela.fini
 *(.rela.fini)

.rel.rodata
 *(.rel.rodata)
 *(.rel.rodata.*)
 *(.rel.gnu.linkonce.r*)

.rela.rodata
 *(.rela.rodata)
 *(.rela.rodata.*)
 *(.rela.gnu.linkonce.r*)

.rel.data
 *(.rel.data)
 *(.rel.data.*)
 *(.rel.gnu.linkonce.d*)

.rela.data
 *(.rela.data)
 *(.rela.data.*)
 *(.rela.gnu.linkonce.d*)

.rel.ctors
 *(.rel.ctors)

.rela.ctors
 *(.rela.ctors)

.rel.dtors
 *(.rel.dtors)

.rela.dtors
 *(.rela.dtors)

.rel.got
 *(.rel.got)

.rela.got
 *(.rela.got)

.rel.bss
 *(.rel.bss)

.rela.bss
 *(.rela.bss)

.rel.plt
 *(.rel.plt)

.rela.plt
 *(.rela.plt)

.text           0x00000000      0xa32
 *(.vectors)
 .vectors       0x00000000       0x54 C:/Program Files (x86)/Atmel/Studio/7.0/Packs/atmel/ATmega_DFP/1.2.150/gcc/dev/atmega32/avr5/crtatmega32.o
                0x00000000                __vector_default
                0x00000000                __vectors
 *(.vectors)
 *(.progmem.gcc*)
                0x00000054                . = ALIGN (0x2)
                0x00000054                __trampolines_start = .
 *(.trampolines)
 .trampolines   0x00000054        0x0 linker stubs
 *(.trampolines*)
                0x00000054                __trampolines_end = .
 *libprintf_flt.a:*(.progmem.data)
 *libc.a:*(.progmem.data)
 *(.progmem*)
                0x00000054                . = ALIGN (0x2)
 *(.jumptables)
 *(.jumptables*)
 *(.lowtext)
 *(.lowtext*)
                0x00000054                __ctors_start = .
 *(.ctors)
                0x00000054                __ctors_end = .
                0x00000054                __dtors_start = .
 *(.dtors)
                0x00000054                __dtors_end = .
 SORT(*)(.ctors)
 SORT(*)(.dtors)
 *(.init0)
 .init0         0x00000054        0x0 C:/Program Files (x86)/Atmel/Studio/7.0/Packs/atmel/ATmega_DFP/1.2.150/gcc/dev/atmega32/avr5/crtatmega32.o
                0x00000054                __init
 *(.init0)
 *(.init1)
 *(.init1)
 *(.init2)
 .init2         0x00000054        0xc C:/Program Files (x86)/Atmel/Studio/7.0/Packs/atmel/ATmega_DFP/1.2.150/gcc/dev/atmega32/avr5/crtatmega32.o
 *(.init2)
 *(.init3)
 *(.init3)
 *(.init4)
 .init4         0x00000060       0x16 c:/program files (x86)/atmel/studio/7.0/toolchain/avr8/avr8-gnu-toolchain/bin/../lib/gcc/avr/5.4.0/avr5\libgcc.a(_copy_data.o)
                0x00000060                __do_copy_data
 .init4         0x00000076       0x10 c:/program files (x86)/atmel/studio/7.0/toolchain/avr8/avr8-gnu-toolchain/bin/../lib/gcc/avr/5.4.0/avr5\libgcc.a(_clear_bss.o)
                0x00000076                __do_clear_bss
 *(.init4)
 *(.init5)
 *(.init5)
 *(.init6)
 *(.init6)
 *(.init7)
 *(.init7)
 *(.init8)
 *(.init8)
 *(.init9)
 .init9         0x00000086        0x8 C:/Program Files (x86)/Atmel/Studio/7.0/Packs/atmel/ATmega_DFP/1.2.150/gcc/dev/atmega32/avr5/crtatmega32.o
 *(.init9)
 *(.text)
 .text          0x0000008e        0x4 C:/Program Files (x86)/Atmel/Studio/7.0/Packs/atmel/ATmega_DFP/1.2.150/gcc/dev/atmega32/avr5/crtatmega32.o
                0x0000008e                __vector_12
                0x0000008e                __bad_interrupt
                0x0000008e                __vector_6
                0x0000008e                __vector_3
                0x0000008e                __vector_11
                0x0000008e                __vector_13
                0x0000008e                __vector_17
                0x0000008e                __vector_19
                0x0000008e                __vector_7
                0x0000008e                __vector_5
                0x0000008e                __vector_4
                0x0000008e                __vector_15
                0x0000008e                __vector_8
                0x0000008e                __vector_14
                0x0000008e                __vector_10
                0x0000008e                __vector_16
                0x0000008e                __vector_18
                0x0000008e                __vector_20
                0x00000092                . = ALIGN (0x2)
 *(.text.*)
 .text.enc_init
                0x00000092       0x24 encoder/encoder.o
                0x00000092                enc_init
 .text.__vector_1
                0x000000b6       0x50 encoder/encoder.o
                0x000000b6                __vector_1
 .text.__vector_2
                0x00000106       0x50 encoder/encoder.o
                0x00000106                __vector_2
 .text.game_detect_controllers
                0x00000156       0x16 game/xpong.o
                0x00000156                game_detect_controllers
 .text.game_reset
                0x0000016c       0x3e game/xpong.o
                0x0000016c                game_reset
 .text.game_total_reset
                0x000001aa        0xe game/xpong.o
                0x000001aa                game_total_reset
 .text.game_clear_ball
                0x000001b8       0x6e game/xpong.o
                0x000001b8                game_clear_ball
 .text.game_clear_paddles
                0x00000226       0x5e game/xpong.o
                0x00000226                game_clear_paddles
 .text.game_draw_ball
                0x00000284       0x6e game/xpong.o
                0x00000284                game_draw_ball
 .text.game_draw_paddles
                0x000002f2       0x6e game/xpong.o
                0x000002f2                game_draw_paddles
 .text.game_is_ball_in_paddle
                0x00000360       0x28 game/xpong.o
                0x00000360                game_is_ball_in_paddle
 .text.game_get_ball_vertical_speed
                0x00000388       0x60 game/xpong.o
                0x00000388                game_get_ball_vertical_speed
 .text.game_get_ball_reflected_horizontal_speed
                0x000003e8       0x2a game/xpong.o
                0x000003e8                game_get_ball_reflected_horizontal_speed
 .text.game_move_right_paddle
                0x00000412       0x72 game/xpong.o
                0x00000412                game_move_right_paddle
 .text.game_get_right_player_movement
                0x00000484       0x4c game/xpong.o
                0x00000484                game_get_right_player_movement
 .text.game_move_left_paddle
                0x000004d0       0x72 game/xpong.o
                0x000004d0                game_move_left_paddle
 .text.game_get_left_player_movement
                0x00000542       0x4c game/xpong.o
                0x00000542                game_get_left_player_movement
 .text.game_update
                0x0000058e      0x12e game/xpong.o
                0x0000058e                game_update
 .text.game_loop
                0x000006bc       0x1a game/xpong.o
                0x000006bc                game_loop
 .text.game_draw_borders
                0x000006d6       0x58 game/xpong.o
                0x000006d6                game_draw_borders
 .text.game_init
                0x0000072e       0x24 game/xpong.o
                0x0000072e                game_init
 .text.glcd_enable_controller
                0x00000752       0x1a glcd/glcd.o
                0x00000752                glcd_enable_controller
 .text.glcd_command
                0x0000076c       0x1c glcd/glcd.o
                0x0000076c                glcd_command
 .text.glcd_enable_mirroring_controllers
                0x00000788        0x8 glcd/glcd.o
                0x00000788                glcd_enable_mirroring_controllers
 .text.glcd_write_data
                0x00000790       0x46 glcd/glcd.o
                0x00000790                glcd_write_data
 .text.glcd_clear
                0x000007d6       0x44 glcd/glcd.o
                0x000007d6                glcd_clear
 .text.glcd_init
                0x0000081a       0x26 glcd/glcd.o
                0x0000081a                glcd_init
 .text.glcd_set_y
                0x00000840       0x16 glcd/glcd.o
                0x00000840                glcd_set_y
 .text.glcd_set_x
                0x00000856       0x16 glcd/glcd.o
                0x00000856                glcd_set_x
 .text.glcd_set_cursor
                0x0000086c       0x2e glcd/glcd.o
                0x0000086c                glcd_set_cursor
 .text.glcd_set_pixel
                0x0000089a       0x50 glcd/glcd.o
                0x0000089a                glcd_set_pixel
 .text.glcd_clear_pixel
                0x000008ea       0x52 glcd/glcd.o
                0x000008ea                glcd_clear_pixel
 .text.main     0x0000093c       0x2c main.o
                0x0000093c                main
 .text.ssdisplay_init
                0x00000968       0x1e ssd/ssdisplay.o
                0x00000968                ssdisplay_init
 .text.ssdisplay_set_left_number
                0x00000986        0x6 ssd/ssdisplay.o
                0x00000986                ssdisplay_set_left_number
 .text.ssdisplay_set_right_number
                0x0000098c        0x6 ssd/ssdisplay.o
                0x0000098c                ssdisplay_set_right_number
 .text.__vector_9
                0x00000992       0x9c ssd/ssdisplay.o
                0x00000992                __vector_9
                0x00000a2e                . = ALIGN (0x2)
 *(.fini9)
 .fini9         0x00000a2e        0x0 c:/program files (x86)/atmel/studio/7.0/toolchain/avr8/avr8-gnu-toolchain/bin/../lib/gcc/avr/5.4.0/avr5\libgcc.a(_exit.o)
                0x00000a2e                _exit
                0x00000a2e                exit
 *(.fini9)
 *(.fini8)
 *(.fini8)
 *(.fini7)
 *(.fini7)
 *(.fini6)
 *(.fini6)
 *(.fini5)
 *(.fini5)
 *(.fini4)
 *(.fini4)
 *(.fini3)
 *(.fini3)
 *(.fini2)
 *(.fini2)
 *(.fini1)
 *(.fini1)
 *(.fini0)
 .fini0         0x00000a2e        0x4 c:/program files (x86)/atmel/studio/7.0/toolchain/avr8/avr8-gnu-toolchain/bin/../lib/gcc/avr/5.4.0/avr5\libgcc.a(_exit.o)
 *(.fini0)
                0x00000a32                _etext = .

.data           0x00800060        0xc load address 0x00000a32
                0x00800060                PROVIDE (__data_start, .)
 *(.data)
 *(.data*)
 .data.offset.1871
                0x00800060        0x1 game/xpong.o
 .data.offset.1866
                0x00800061        0x1 game/xpong.o
 *(.gnu.linkonce.d*)
 *(.rodata)
 *(.rodata*)
 .rodata.ssd_numbers
                0x00800062        0xa ssd/ssdisplay.o
                0x00800062                ssd_numbers
 *(.gnu.linkonce.r*)
                0x0080006c                . = ALIGN (0x2)
                0x0080006c                _edata = .
                0x0080006c                PROVIDE (__data_end, .)

.bss            0x0080006c      0x417
                0x0080006c                PROVIDE (__bss_start, .)
 *(.bss)
 *(.bss*)
 .bss.dir.1618  0x0080006c        0x1 encoder/encoder.o
 .bss.dir.1612  0x0080006d        0x1 encoder/encoder.o
 .bss.is_right_player_connected
                0x0080006e        0x1 game/xpong.o
                0x0080006e                is_right_player_connected
 .bss.is_left_player_connected
                0x0080006f        0x1 game/xpong.o
                0x0080006f                is_left_player_connected
 .bss.is_ball_reflected
                0x00800070        0x1 game/xpong.o
                0x00800070                is_ball_reflected
 .bss.left_ssd.1751
                0x00800071        0x1 ssd/ssdisplay.o
 *(COMMON)
 COMMON         0x00800072        0x2 encoder/encoder.o
                0x00800072                enc_2_value
                0x00800073                enc_1_value
 COMMON         0x00800074        0xa game/xpong.o
                0x00800074                left_player_paddle
                0x00800077                right_player_paddle
                0x0080007a                ball
 COMMON         0x0080007e      0x403 glcd/glcd.o
                0x0080007e                glcd_x
                0x0080007f                screen_data
                0x0080047f                glcd_y
                0x00800480                enabled_controller
 COMMON         0x00800481        0x2 ssd/ssdisplay.o
                0x00800481                right_number_to_show
                0x00800482                left_number_to_show
                0x00800483                PROVIDE (__bss_end, .)
                0x00000a32                __data_load_start = LOADADDR (.data)
                0x00000a3e                __data_load_end = (__data_load_start + SIZEOF (.data))

.noinit         0x00800483        0x0
                [!provide]                PROVIDE (__noinit_start, .)
 *(.noinit*)
                [!provide]                PROVIDE (__noinit_end, .)
                0x00800483                _end = .
                [!provide]                PROVIDE (__heap_start, .)

.eeprom         0x00810000        0x0
 *(.eeprom*)
                0x00810000                __eeprom_end = .

.fuse
 *(.fuse)
 *(.lfuse)
 *(.hfuse)
 *(.efuse)

.lock
 *(.lock*)

.signature
 *(.signature*)

.user_signatures
 *(.user_signatures*)

.stab
 *(.stab)

.stabstr
 *(.stabstr)

.stab.excl
 *(.stab.excl)

.stab.exclstr
 *(.stab.exclstr)

.stab.index
 *(.stab.index)

.stab.indexstr
 *(.stab.indexstr)

.comment        0x00000000       0x30
 *(.comment)
 .comment       0x00000000       0x30 encoder/encoder.o
                                 0x31 (size before relaxing)
 .comment       0x00000030       0x31 game/xpong.o
 .comment       0x00000030       0x31 glcd/glcd.o
 .comment       0x00000030       0x31 main.o
 .comment       0x00000030       0x31 ssd/ssdisplay.o

.note.gnu.avr.deviceinfo
                0x00000000       0x3c
 .note.gnu.avr.deviceinfo
                0x00000000       0x3c C:/Program Files (x86)/Atmel/Studio/7.0/Packs/atmel/ATmega_DFP/1.2.150/gcc/dev/atmega32/avr5/crtatmega32.o

.note.gnu.build-id
 *(.note.gnu.build-id)

.debug
 *(.debug)

.line
 *(.line)

.debug_srcinfo
 *(.debug_srcinfo)

.debug_sfnames
 *(.debug_sfnames)

.debug_aranges  0x00000000      0x1c0
 *(.debug_aranges)
 .debug_aranges
                0x00000000       0x30 encoder/encoder.o
 .debug_aranges
                0x00000030       0xb0 game/xpong.o
 .debug_aranges
                0x000000e0       0x88 glcd/glcd.o
 .debug_aranges
                0x00000168       0x20 main.o
 .debug_aranges
                0x00000188       0x38 ssd/ssdisplay.o

.debug_pubnames
 *(.debug_pubnames)

.debug_info     0x00000000     0x17d8
 *(.debug_info .gnu.linkonce.wi.*)
 .debug_info    0x00000000      0x4e6 C:/Program Files (x86)/Atmel/Studio/7.0/Packs/atmel/ATmega_DFP/1.2.150/gcc/dev/atmega32/avr5/crtatmega32.o
 .debug_info    0x000004e6      0x109 encoder/encoder.o
 .debug_info    0x000005ef      0x861 game/xpong.o
 .debug_info    0x00000e50      0x69d glcd/glcd.o
 .debug_info    0x000014ed      0x180 main.o
 .debug_info    0x0000166d      0x16b ssd/ssdisplay.o

.debug_abbrev   0x00000000      0xb00
 *(.debug_abbrev)
 .debug_abbrev  0x00000000      0x4a3 C:/Program Files (x86)/Atmel/Studio/7.0/Packs/atmel/ATmega_DFP/1.2.150/gcc/dev/atmega32/avr5/crtatmega32.o
 .debug_abbrev  0x000004a3       0x89 encoder/encoder.o
 .debug_abbrev  0x0000052c      0x206 game/xpong.o
 .debug_abbrev  0x00000732      0x1e2 glcd/glcd.o
 .debug_abbrev  0x00000914      0x121 main.o
 .debug_abbrev  0x00000a35       0xcb ssd/ssdisplay.o

.debug_line     0x00000000     0x1017
 *(.debug_line .debug_line.* .debug_line_end)
 .debug_line    0x00000000      0x115 C:/Program Files (x86)/Atmel/Studio/7.0/Packs/atmel/ATmega_DFP/1.2.150/gcc/dev/atmega32/avr5/crtatmega32.o
 .debug_line    0x00000115      0x14e encoder/encoder.o
 .debug_line    0x00000263      0x768 game/xpong.o
 .debug_line    0x000009cb      0x3a3 glcd/glcd.o
 .debug_line    0x00000d6e      0x15f main.o
 .debug_line    0x00000ecd      0x14a ssd/ssdisplay.o

.debug_frame    0x00000000      0x410
 *(.debug_frame)
 .debug_frame   0x00000000       0x6c encoder/encoder.o
 .debug_frame   0x0000006c      0x1b8 game/xpong.o
 .debug_frame   0x00000224      0x154 glcd/glcd.o
 .debug_frame   0x00000378       0x24 main.o
 .debug_frame   0x0000039c       0x74 ssd/ssdisplay.o

.debug_str      0x00000000      0x803
 *(.debug_str)
 .debug_str     0x00000000      0x196 C:/Program Files (x86)/Atmel/Studio/7.0/Packs/atmel/ATmega_DFP/1.2.150/gcc/dev/atmega32/avr5/crtatmega32.o
 .debug_str     0x00000196      0x175 encoder/encoder.o
                                0x1b0 (size before relaxing)
 .debug_str     0x0000030b      0x2ed game/xpong.o
                                0x480 (size before relaxing)
 .debug_str     0x000005f8      0x17b glcd/glcd.o
                                0x334 (size before relaxing)
 .debug_str     0x00000773       0x2b main.o
                                0x1f3 (size before relaxing)
 .debug_str     0x0000079e       0x65 ssd/ssdisplay.o
                                0x21d (size before relaxing)

.debug_loc      0x00000000      0xd9a
 *(.debug_loc)
 .debug_loc     0x00000000       0x92 encoder/encoder.o
 .debug_loc     0x00000092      0x53e game/xpong.o
 .debug_loc     0x000005d0      0x767 glcd/glcd.o
 .debug_loc     0x00000d37       0x63 ssd/ssdisplay.o

.debug_macinfo
 *(.debug_macinfo)

.debug_weaknames
 *(.debug_weaknames)

.debug_funcnames
 *(.debug_funcnames)

.debug_typenames
 *(.debug_typenames)

.debug_varnames
 *(.debug_varnames)

.debug_pubtypes
 *(.debug_pubtypes)

.debug_ranges   0x00000000      0x170
 *(.debug_ranges)
 .debug_ranges  0x00000000       0x20 encoder/encoder.o
 .debug_ranges  0x00000020       0xa0 game/xpong.o
 .debug_ranges  0x000000c0       0x78 glcd/glcd.o
 .debug_ranges  0x00000138       0x10 main.o
 .debug_ranges  0x00000148       0x28 ssd/ssdisplay.o

.debug_macro
 *(.debug_macro)
OUTPUT(XPong.elf elf32-avr)
LOAD linker stubs
